// Jest Snapshot v1, https://goo.gl/fbAQLP

exports[`RepInfo matches snapshot 1`] = `"<div> <h2 data-automation=\\"rep-info-fullname\\" class=\\"svelte-17vncpb\\">Test Rep</h2> <div class=\\"portrait svelte-1hr3e5j\\"><img class=\\"image svelte-1hr3e5j\\" loading=\\"lazy\\" src=\\"https://theunitedstates.io/images/congress/225x275/A1234.jpg\\" alt=\\"Test Rep\\" onerror=\\"this.onerror=null;this.src='default.png';\\"></div> <div class=\\"basic-info svelte-17vncpb\\"><h3>Democrat - House Representative, District 3</h3> <p class=\\"svelte-17vncpb\\"><strong>Phone:</strong> <a class=\\"phone\\" href=\\"tel:undefined\\">undefined</a></p> <p class=\\"svelte-17vncpb\\"><strong>Office:</strong> undefined</p></div>     <div><a class=\\"fa fa-twitter svelte-10xon1u\\" href=\\"https://twitter.com/reppersontwitter\\" target=\\"_blank\\" rel=\\"noopener noreferer\\"></a><a class=\\"fa fa-facebook svelte-10xon1u\\" href=\\"https://facebook.com/reppersontwitter\\" target=\\"_blank\\" rel=\\"noopener noreferer\\"></a><a class=\\"fa fa-youtube svelte-10xon1u\\" href=\\"https://youtube.com/user/reppersontwitter\\" target=\\"_blank\\" rel=\\"noopener noreferer\\"></a><a class=\\"fa fa-instagram svelte-10xon1u\\" href=\\"https://www.instagram.com/reppersontwitter/\\" target=\\"_blank\\" rel=\\"noopener noreferer\\"></a></div></div>"`;
